
Dahlquist ODE test problem:
  lambda expl  = -1
  step size    = 0.01
  relative tol = 0.0001
  absolute tol = 1e-06
  interp type  = Hermite

========================
Test explicit RK methods
========================

========================
Explicit Euler
  stages:             1
  order:              1
  explicit 1st stage: 1
  stiffly accurate:   0
  first same as last: 0
========================
--------------------
Steps: 1
Fe RHS evals:
  actual:   1
  expected: 1
--------------------
Steps: 2
Fe RHS evals:
  actual:   2
  expected: 2
--------------------
Steps: 3
Fe RHS evals:
  actual:   3
  expected: 3
--------------------
Dense Output
Fe RHS evals:
  actual:   4
  expected: 4
--------------------
Steps: 4
Fe RHS evals:
  actual:   4
  expected: 4
--------------------

Vectors allocated = 10
Number of allocations   = 2
Number of deallocations = 0
Current bytes allocated = 752
Max bytes allocated     = 752

========================
ERK Table ID 0
  stages:             2
  order:              2
  explicit 1st stage: 1
  stiffly accurate:   0
  first same as last: 0
========================
--------------------
Steps: 1
Fe RHS evals:
  actual:   2
  expected: 2
--------------------
Steps: 2
Fe RHS evals:
  actual:   4
  expected: 4
--------------------
Steps: 3
Fe RHS evals:
  actual:   6
  expected: 6
--------------------
Dense Output
Fe RHS evals:
  actual:   7
  expected: 7
--------------------
Steps: 4
Fe RHS evals:
  actual:   8
  expected: 8
--------------------

Vectors allocated = 11
Number of allocations   = 3
Number of deallocations = 1
Current bytes allocated = 752
Max bytes allocated     = 752

========================
ERK Table ID 1
  stages:             4
  order:              3
  explicit 1st stage: 1
  stiffly accurate:   1
  first same as last: 1
========================
--------------------
Steps: 1
Fe RHS evals:
  actual:   4
  expected: 4
--------------------
Steps: 2
Fe RHS evals:
  actual:   7
  expected: 7
--------------------
Steps: 3
Fe RHS evals:
  actual:   10
  expected: 10
--------------------
Dense Output
Fe RHS evals:
  actual:   10
  expected: 10
--------------------
Steps: 4
Fe RHS evals:
  actual:   13
  expected: 13
--------------------

Vectors allocated = 13
Number of allocations   = 4
Number of deallocations = 2
Current bytes allocated = 752
Max bytes allocated     = 752

========================
ERK Table ID 2
  stages:             4
  order:              3
  explicit 1st stage: 1
  stiffly accurate:   0
  first same as last: 0
========================
--------------------
Steps: 1
Fe RHS evals:
  actual:   4
  expected: 4
--------------------
Steps: 2
Fe RHS evals:
  actual:   8
  expected: 8
--------------------
Steps: 3
Fe RHS evals:
  actual:   12
  expected: 12
--------------------
Dense Output
Fe RHS evals:
  actual:   13
  expected: 13
--------------------
Steps: 4
Fe RHS evals:
  actual:   16
  expected: 16
--------------------

Vectors allocated = 13
Number of allocations   = 5
Number of deallocations = 3
Current bytes allocated = 752
Max bytes allocated     = 752

========================
ERK Table ID 3
  stages:             5
  order:              4
  explicit 1st stage: 1
  stiffly accurate:   0
  first same as last: 0
========================
--------------------
Steps: 1
Fe RHS evals:
  actual:   5
  expected: 5
--------------------
Steps: 2
Fe RHS evals:
  actual:   10
  expected: 10
--------------------
Steps: 3
Fe RHS evals:
  actual:   15
  expected: 15
--------------------
Dense Output
Fe RHS evals:
  actual:   16
  expected: 16
--------------------
Steps: 4
Fe RHS evals:
  actual:   20
  expected: 20
--------------------

Vectors allocated = 14
Number of allocations   = 6
Number of deallocations = 4
Current bytes allocated = 752
Max bytes allocated     = 752

========================
ERK Table ID 4
  stages:             6
  order:              4
  explicit 1st stage: 1
  stiffly accurate:   0
  first same as last: 0
========================
--------------------
Steps: 1
Fe RHS evals:
  actual:   6
  expected: 6
--------------------
Steps: 2
Fe RHS evals:
  actual:   12
  expected: 12
--------------------
Steps: 3
Fe RHS evals:
  actual:   18
  expected: 18
--------------------
Dense Output
Fe RHS evals:
  actual:   19
  expected: 19
--------------------
Steps: 4
Fe RHS evals:
  actual:   24
  expected: 24
--------------------

Vectors allocated = 15
Number of allocations   = 7
Number of deallocations = 5
Current bytes allocated = 752
Max bytes allocated     = 752

========================
ERK Table ID 5
  stages:             6
  order:              4
  explicit 1st stage: 1
  stiffly accurate:   0
  first same as last: 0
========================
--------------------
Steps: 1
Fe RHS evals:
  actual:   6
  expected: 6
--------------------
Steps: 2
Fe RHS evals:
  actual:   12
  expected: 12
--------------------
Steps: 3
Fe RHS evals:
  actual:   18
  expected: 18
--------------------
Dense Output
Fe RHS evals:
  actual:   19
  expected: 19
--------------------
Steps: 4
Fe RHS evals:
  actual:   24
  expected: 24
--------------------

Vectors allocated = 15
Number of allocations   = 8
Number of deallocations = 6
Current bytes allocated = 752
Max bytes allocated     = 752

========================
ERK Table ID 6
  stages:             6
  order:              5
  explicit 1st stage: 1
  stiffly accurate:   0
  first same as last: 0
========================
--------------------
Steps: 1
Fe RHS evals:
  actual:   6
  expected: 6
--------------------
Steps: 2
Fe RHS evals:
  actual:   12
  expected: 12
--------------------
Steps: 3
Fe RHS evals:
  actual:   18
  expected: 18
--------------------
Dense Output
Fe RHS evals:
  actual:   20
  expected: 20
--------------------
Steps: 4
Fe RHS evals:
  actual:   25
  expected: 25
--------------------

Vectors allocated = 16
Number of allocations   = 9
Number of deallocations = 7
Current bytes allocated = 752
Max bytes allocated     = 752

========================
ERK Table ID 7
  stages:             6
  order:              5
  explicit 1st stage: 1
  stiffly accurate:   0
  first same as last: 0
========================
--------------------
Steps: 1
Fe RHS evals:
  actual:   6
  expected: 6
--------------------
Steps: 2
Fe RHS evals:
  actual:   12
  expected: 12
--------------------
Steps: 3
Fe RHS evals:
  actual:   18
  expected: 18
--------------------
Dense Output
Fe RHS evals:
  actual:   20
  expected: 20
--------------------
Steps: 4
Fe RHS evals:
  actual:   25
  expected: 25
--------------------

Vectors allocated = 16
Number of allocations   = 10
Number of deallocations = 8
Current bytes allocated = 752
Max bytes allocated     = 752

========================
ERK Table ID 8
  stages:             7
  order:              5
  explicit 1st stage: 1
  stiffly accurate:   1
  first same as last: 1
========================
--------------------
Steps: 1
Fe RHS evals:
  actual:   7
  expected: 7
--------------------
Steps: 2
Fe RHS evals:
  actual:   13
  expected: 13
--------------------
Steps: 3
Fe RHS evals:
  actual:   19
  expected: 19
--------------------
Dense Output
Fe RHS evals:
  actual:   20
  expected: 20
--------------------
Steps: 4
Fe RHS evals:
  actual:   26
  expected: 26
--------------------

Vectors allocated = 17
Number of allocations   = 11
Number of deallocations = 9
Current bytes allocated = 752
Max bytes allocated     = 752

========================
ERK Table ID 9
  stages:             8
  order:              5
  explicit 1st stage: 1
  stiffly accurate:   0
  first same as last: 0
========================
--------------------
Steps: 1
Fe RHS evals:
  actual:   8
  expected: 8
--------------------
Steps: 2
Fe RHS evals:
  actual:   16
  expected: 16
--------------------
Steps: 3
Fe RHS evals:
  actual:   24
  expected: 24
--------------------
Dense Output
Fe RHS evals:
  actual:   26
  expected: 26
--------------------
Steps: 4
Fe RHS evals:
  actual:   33
  expected: 33
--------------------

Vectors allocated = 18
Number of allocations   = 12
Number of deallocations = 10
Current bytes allocated = 752
Max bytes allocated     = 752

========================
ERK Table ID 10
  stages:             8
  order:              6
  explicit 1st stage: 1
  stiffly accurate:   0
  first same as last: 0
========================
--------------------
Steps: 1
Fe RHS evals:
  actual:   8
  expected: 8
--------------------
Steps: 2
Fe RHS evals:
  actual:   16
  expected: 16
--------------------
Steps: 3
Fe RHS evals:
  actual:   24
  expected: 24
--------------------
Dense Output
Fe RHS evals:
  actual:   29
  expected: 29
--------------------
Steps: 4
Fe RHS evals:
  actual:   36
  expected: 36
--------------------

Vectors allocated = 19
Number of allocations   = 13
Number of deallocations = 11
Current bytes allocated = 752
Max bytes allocated     = 752

========================
ERK Table ID 11
  stages:             13
  order:              8
  explicit 1st stage: 1
  stiffly accurate:   0
  first same as last: 0
========================
--------------------
Steps: 1
Fe RHS evals:
  actual:   13
  expected: 13
--------------------
Steps: 2
Fe RHS evals:
  actual:   26
  expected: 26
--------------------
Steps: 3
Fe RHS evals:
  actual:   39
  expected: 39
--------------------
Dense Output
Fe RHS evals:
  actual:   44
  expected: 44
--------------------
Steps: 4
Fe RHS evals:
  actual:   56
  expected: 56
--------------------

Vectors allocated = 24
Number of allocations   = 14
Number of deallocations = 12
Current bytes allocated = 752
Max bytes allocated     = 752

========================
ERK Table ID 12
  stages:             3
  order:              3
  explicit 1st stage: 1
  stiffly accurate:   0
  first same as last: 0
========================
--------------------
Steps: 1
Fe RHS evals:
  actual:   3
  expected: 3
--------------------
Steps: 2
Fe RHS evals:
  actual:   6
  expected: 6
--------------------
Steps: 3
Fe RHS evals:
  actual:   9
  expected: 9
--------------------
Dense Output
Fe RHS evals:
  actual:   10
  expected: 10
--------------------
Steps: 4
Fe RHS evals:
  actual:   12
  expected: 12
--------------------

Vectors allocated = 12
Number of allocations   = 15
Number of deallocations = 13
Current bytes allocated = 752
Max bytes allocated     = 752

========================
ERK Table ID 13
  stages:             7
  order:              4
  explicit 1st stage: 1
  stiffly accurate:   0
  first same as last: 0
========================
--------------------
Steps: 1
Fe RHS evals:
  actual:   7
  expected: 7
--------------------
Steps: 2
Fe RHS evals:
  actual:   14
  expected: 14
--------------------
Steps: 3
Fe RHS evals:
  actual:   21
  expected: 21
--------------------
Dense Output
Fe RHS evals:
  actual:   22
  expected: 22
--------------------
Steps: 4
Fe RHS evals:
  actual:   28
  expected: 28
--------------------

Vectors allocated = 16
Number of allocations   = 16
Number of deallocations = 14
Current bytes allocated = 752
Max bytes allocated     = 752

========================
ERK Table ID 14
  stages:             8
  order:              5
  explicit 1st stage: 1
  stiffly accurate:   0
  first same as last: 0
========================
--------------------
Steps: 1
Fe RHS evals:
  actual:   8
  expected: 8
--------------------
Steps: 2
Fe RHS evals:
  actual:   16
  expected: 16
--------------------
Steps: 3
Fe RHS evals:
  actual:   24
  expected: 24
--------------------
Dense Output
Fe RHS evals:
  actual:   26
  expected: 26
--------------------
Steps: 4
Fe RHS evals:
  actual:   33
  expected: 33
--------------------

Vectors allocated = 18
Number of allocations   = 17
Number of deallocations = 15
Current bytes allocated = 752
Max bytes allocated     = 752

========================
ERK Table ID 15
  stages:             3
  order:              2
  explicit 1st stage: 1
  stiffly accurate:   0
  first same as last: 0
========================
--------------------
Steps: 1
Fe RHS evals:
  actual:   3
  expected: 3
--------------------
Steps: 2
Fe RHS evals:
  actual:   6
  expected: 6
--------------------
Steps: 3
Fe RHS evals:
  actual:   9
  expected: 9
--------------------
Dense Output
Fe RHS evals:
  actual:   10
  expected: 10
--------------------
Steps: 4
Fe RHS evals:
  actual:   12
  expected: 12
--------------------

Vectors allocated = 12
Number of allocations   = 18
Number of deallocations = 16
Current bytes allocated = 752
Max bytes allocated     = 752

========================
ERK Table ID 16
  stages:             5
  order:              4
  explicit 1st stage: 1
  stiffly accurate:   1
  first same as last: 1
========================
--------------------
Steps: 1
Fe RHS evals:
  actual:   5
  expected: 5
--------------------
Steps: 2
Fe RHS evals:
  actual:   9
  expected: 9
--------------------
Steps: 3
Fe RHS evals:
  actual:   13
  expected: 13
--------------------
Dense Output
Fe RHS evals:
  actual:   13
  expected: 13
--------------------
Steps: 4
Fe RHS evals:
  actual:   17
  expected: 17
--------------------

Vectors allocated = 14
Number of allocations   = 19
Number of deallocations = 17
Current bytes allocated = 752
Max bytes allocated     = 752

========================
ERK Table ID 17
  stages:             3
  order:              3
  explicit 1st stage: 1
  stiffly accurate:   0
  first same as last: 0
========================
--------------------
Steps: 1
Fe RHS evals:
  actual:   3
  expected: 3
--------------------
Steps: 2
Fe RHS evals:
  actual:   6
  expected: 6
--------------------
Steps: 3
Fe RHS evals:
  actual:   9
  expected: 9
--------------------
Dense Output
Fe RHS evals:
  actual:   10
  expected: 10
--------------------
Steps: 4
Fe RHS evals:
  actual:   12
  expected: 12
--------------------

Vectors allocated = 12
Number of allocations   = 20
Number of deallocations = 18
Current bytes allocated = 752
Max bytes allocated     = 752

========================
ERK Table ID 18
  stages:             9
  order:              6
  explicit 1st stage: 1
  stiffly accurate:   1
  first same as last: 1
========================
--------------------
Steps: 1
Fe RHS evals:
  actual:   9
  expected: 9
--------------------
Steps: 2
Fe RHS evals:
  actual:   17
  expected: 17
--------------------
Steps: 3
Fe RHS evals:
  actual:   25
  expected: 25
--------------------
Dense Output
Fe RHS evals:
  actual:   29
  expected: 29
--------------------
Steps: 4
Fe RHS evals:
  actual:   37
  expected: 37
--------------------

Vectors allocated = 20
Number of allocations   = 21
Number of deallocations = 19
Current bytes allocated = 752
Max bytes allocated     = 752

========================
ERK Table ID 19
  stages:             10
  order:              7
  explicit 1st stage: 1
  stiffly accurate:   0
  first same as last: 0
========================
--------------------
Steps: 1
Fe RHS evals:
  actual:   10
  expected: 10
--------------------
Steps: 2
Fe RHS evals:
  actual:   20
  expected: 20
--------------------
Steps: 3
Fe RHS evals:
  actual:   30
  expected: 30
--------------------
Dense Output
Fe RHS evals:
  actual:   35
  expected: 35
--------------------
Steps: 4
Fe RHS evals:
  actual:   44
  expected: 44
--------------------

Vectors allocated = 21
Number of allocations   = 22
Number of deallocations = 20
Current bytes allocated = 752
Max bytes allocated     = 752

========================
ERK Table ID 20
  stages:             13
  order:              8
  explicit 1st stage: 1
  stiffly accurate:   0
  first same as last: 0
========================
--------------------
Steps: 1
Fe RHS evals:
  actual:   13
  expected: 13
--------------------
Steps: 2
Fe RHS evals:
  actual:   26
  expected: 26
--------------------
Steps: 3
Fe RHS evals:
  actual:   39
  expected: 39
--------------------
Dense Output
Fe RHS evals:
  actual:   44
  expected: 44
--------------------
Steps: 4
Fe RHS evals:
  actual:   56
  expected: 56
--------------------

Vectors allocated = 24
Number of allocations   = 23
Number of deallocations = 21
Current bytes allocated = 752
Max bytes allocated     = 752

========================
ERK Table ID 21
  stages:             16
  order:              9
  explicit 1st stage: 1
  stiffly accurate:   0
  first same as last: 0
========================
--------------------
Steps: 1
Fe RHS evals:
  actual:   16
  expected: 16
--------------------
Steps: 2
Fe RHS evals:
  actual:   32
  expected: 32
--------------------
Steps: 3
Fe RHS evals:
  actual:   48
  expected: 48
--------------------
Dense Output
Fe RHS evals:
  actual:   53
  expected: 53
--------------------
Steps: 4
Fe RHS evals:
  actual:   68
  expected: 68
--------------------

Vectors allocated = 27
Number of allocations   = 24
Number of deallocations = 22
Current bytes allocated = 752
Max bytes allocated     = 752


All tests passed!

Vectors allocated = 0
Number of allocations   = 24
Number of deallocations = 23
Current bytes allocated = 64
Max bytes allocated     = 752
